
> nkg-conflict@0.1.0 build /home/runner/work/nkg-conflict/nkg-conflict
> vue-tsc --noEmit && vite build

[36mvite v5.4.21 [32mbuilding for production...[36m[39m
transforming...
[32m✓[39m 1071 modules transformed.
rendering chunks...
computing gzip size...
[2mdist/[22m[32mindex.html                     [39m[1m[2m    0.99 kB[22m[1m[22m[2m │ gzip:   0.53 kB[22m
[2mdist/[22m[2massets/[22m[32mworker-CLj7I-7j.js      [39m[1m[2m  312.21 kB[22m[1m[22m
[2mdist/[22m[2massets/[22m[35mindex-CzfSpyli.css      [39m[1m[2m  106.32 kB[22m[1m[22m[2m │ gzip:  16.98 kB[22m
[2mdist/[22m[2massets/[22m[36mexpression-Bl_GL2tO.js  [39m[1m[2m    1.19 kB[22m[1m[22m[2m │ gzip:   0.51 kB[22m
[2mdist/[22m[2massets/[22m[36mindex-g6m-7Hvq.js       [39m[1m[2m   16.68 kB[22m[1m[22m[2m │ gzip:   4.96 kB[22m
[2mdist/[22m[2massets/[22m[36mindex-31mnDAiR.js       [39m[1m[2m   18.97 kB[22m[1m[22m[2m │ gzip:   6.63 kB[22m
[2mdist/[22m[2massets/[22m[36mindex-CQ8Aa-zf.js       [39m[1m[33m2,063.54 kB[39m[22m[2m │ gzip: 587.29 kB[22m
[33m
(!) Some chunks are larger than 500 kB after minification. Consider:
- Using dynamic import() to code-split the application
- Use build.rollupOptions.output.manualChunks to improve chunking: https://rollupjs.org/configuration-options/#output-manualchunks
- Adjust chunk size limit for this warning via build.chunkSizeWarningLimit.[39m
[32m✓ built in 6.99s[39m
