- option de départ au doigt {"cochee":true,"decochee":true}
- alerte centrée {"selection":[2],"center":[33.75,51.94999999999999]}
- alertes repliées {"folded":true}
- barre du haut {"hauteur":46.1875}
- soutenabilité (menu) {"valeur":"Armée\n…"}
- aide (mobile) {"boite":{"x":0,"y":0,"width":390,"height":844}}
- jauge (mobile) {"boite":{"x":8,"y":52,"width":374,"height":387.828125}}
- carte logistique {"legende":{"x":10,"y":97.75,"width":272,"height":278.25}}
- appui prolongé {"texte":"Plaine : vitesse 0 %, défense 0 %","boite":{"x":10,"y":351.8125,"width":370,"height":24.1875},"afterPress":{"selection":0,"mode":"select","tab":null}}
- sélection par zone {"unites":10,"tiroir":"half"}
- ordre au doigt {"ordre":"move","tiroir":"half"}
- mission au doigt {"avance":true}
- bataille (mobile) {"boite":{"x":6,"y":52,"width":378,"height":344}}
- recrutement par armée (mobile) {"avant":0,"apres":2}
- points clés (mobile) {"mission":"keyPoints"}
- barre du bas {"boite":{"x":1,"y":788.90625,"width":388,"height":55.09375},"entrees":4}
- tiroir glissé {"etat":"full"}
- file de production (mobile) {"bouton":{"x":316.21875,"y":752.453125,"width":32.78125,"height":36},"tete":[2969,2970]}
- retour au menu {"ok":true}
- paysage {"panneau":{"x":516,"y":48,"width":322,"height":336}}
- WebGL indisponible (mobile) {"message":{"x":16,"y":64,"width":358,"height":319.234375}}
MOBILE OK
